> ok

> ok

> ok

> b [4 5 6]
a [1 2 3 b]

> b

> a

> 21

> 6

> 6

> ok

> 28

> bye
