> ok

> ok

> not permitted

> ok

> ok

> no entries

> bye
