> key name not permitted

> key name not permitted

> key name not permitted

> bye
