> ok

> ok

> ok

> ok

> ok

> 1

> 1

> 1

> 2

> 2

> bye
