> ok

> index out of range

> 1

> 3

> index out of range

> ok

> -1

> bye
