> ok

> index out of range

> 1

> 2

> 3

> index out of range

> ok

> ok

> b

> a

> b

> index out of range

> nil

> nil

> ok

> b

> a

> ok

> b

> nil

> nil

> bye
