> ok

> 1

> 2

> 3

> nil

> ok

> ok

> b

> nil

> nil

> ok

> b

> nil

> nil

> bye
