> ok

> saved as snapshot 1

> ok

> saved as snapshot 2

> ok

> saved as snapshot 3

> ok

> [1]

> ok

> no such key

> 3
2
1

> ok

> no such key

> ok

> no such key

> ok

> ok

> bye
