> ok

> ok

> not permitted

> saved as snapshot 1

> ok

> saved as snapshot 2

> not permitted

> ok

> ok

> b [4 5 6]

> bye
