> ok

> ok

> ok

> ok

> -3

> 0

> a

> b

> ok

> 16

> b

> a

> [b b b b 0 1 2 3]

> bye
