> ok

> ok

> ok

> saved as snapshot 1

> ok

> saved as snapshot 2

> a, b

> ok

> a

> c

> ok

> nil

> nil

> bye
