> ok

> saved as snapshot 1

> ok

> saved as snapshot 2

> ok

> saved as snapshot 3

> ok

> saved as snapshot 4

> 4
3
2
1

> d [c 6]
c [b 5]
b [a 4]
a [1 2 3]

> d
c
b
a

> ok

> 3
2
1

> c [b 5]
b [a 4]
a [1 2 3]

> c
b
a

> no such snapshot

> ok

> saved as snapshot 5

> 5
3
2
1

> bye
