> ok

> saved as snapshot 1

> ok

> saved as snapshot 2

> ok

> saved as snapshot 3

> 3
2
1

> ok

> 2
1

> saved as snapshot 4

> 4
2
1

> no such snapshot

> bye
