> ok

> 10

> ok

> ok

> ok

> ok

> 11

> 12

> 13

> 12

> ok

> 2

> 0

> 2

> bye
