> ok

> ok

> simple

> ok

> general

> a

> simple

> ok

> general

> a

> simple

> ok

> general

> a

> simple

> bye
