> ok

> [1 1 1 2 4 4 -1 -1 -1 3 2 3 1 1]

> ok

> [1 2 4 -1 3 2 3 1]

> bye
